{
  "items": [
    {
      "item_type": 1,
      "title": "Lam baitap Vat ly - Checklist moi",
      "parentTaskId": null,
      "estimated_minutes": 60,
      "deadline": "2025-09-25T15:00:00Z",
      "confidence": 0.8,
      "reason": "Tach cong viec thanh checklist rieng, phu hop slot trong 2h."
    }
  ]
}
