{
  "items": [
    {
      "item_type": 1,
      "title": "Review Physics - Checklist",
      "parentTaskId": "11111111-aaaa-bbbb-cccc-000000000010",
      "estimated_minutes": 60,
      "deadline": "2025-09-27T09:00:00Z",
      "confidence": 0.82,
      "reason": "Checklist gan voi task Vat ly hien co, tan dung slot 1h trong ngay."
    }
  ]
}
