{
  "items": [],
  "confidence": 0,
  "reason": "Khong co cong viec dang mo hoac khong co slot trong."
}
