{
  "items": [
    {
      "item_type": 0,
      "title": "On tap Giai tich",
      "parentTaskId": null,
      "estimated_minutes": 60,
      "deadline": "2025-09-25T12:30:00Z",
      "confidence": 0.88,
      "reason": "Uu tien slot buoi toi theo ho so night_owl"
    }
  ]
}
