{
  "error": "Invalid JSON from LLM/adapter",
  "status": 502
}
