{
  "error": "Validation failed: missing required fields (item_type/title)",
  "status": 400
}
