{
  "items": [
    {
      "item_type": 0,
      "title": "On tap Giai tich",
      "parentTaskId": null,
      "estimated_minutes": 90,
      "deadline": "2025-09-25T11:00:00Z",
      "confidence": 0.8,
      "reason": "Retry sau timeout, kết quả JSON hợp lệ."
    }
  ],
  "metadata": {
    "first_attempt": "timeout",
    "retry": "success"
  }
}
